src/bookings/bookings.service.ts(29,38): error TS2769: No overload matches this call.
  Overload 1 of 3, '(entityLikeArray: DeepPartial<Booking>[]): Booking[]', gave the following error.
    Object literal may only specify known properties, and 'customerId' does not exist in type 'DeepPartial<Booking>[]'.
  Overload 2 of 3, '(entityLike: DeepPartial<Booking>): Booking', gave the following error.
    Type 'string | null' is not assignable to type 'string | undefined'.
      Type 'null' is not assignable to type 'string | undefined'.
src/bookings/bookings.service.ts(42,5): error TS2740: Type 'Booking[]' is missing the following properties from type 'Booking': id, customerId, customer, providerId, and 16 more.
src/config/database.config.ts(6,18): error TS2345: Argument of type 'string | undefined' is not assignable to parameter of type 'string'.
  Type 'undefined' is not assignable to type 'string'.
src/providers/providers.service.ts(30,5): error TS2322: Type 'ProviderProfile | null' is not assignable to type 'ProviderProfile'.
  Type 'null' is not assignable to type 'ProviderProfile'.
